// Vitest Snapshot v1, https://vitest.dev/guide/snapshot.html

exports[`prints version 1`] = `
"Usage: npx check-dts [FILES]
Check \`.d.ts\` files in open source library according to types tests

Arguments:
  [FILES]    Optional a list of files/globs
  --version  Show version
  --help     Show this message
"
`;
